// Jest Snapshot v1, https://goo.gl/fbAQLP

exports[`Renders MainPage 1`] = `
ShallowWrapper {
  "length": 1,
  Symbol(enzyme.__root__): [Circular],
  Symbol(enzyme.__unrendered__): <MainPage
    isPending={false}
    onRequestRobots={[Function]}
    robots={Array []}
    searchField=""
/>,
  Symbol(enzyme.__renderer__): Object {
    "batchedUpdates": [Function],
    "getNode": [Function],
    "render": [Function],
    "simulateEvent": [Function],
    "unmount": [Function],
  },
  Symbol(enzyme.__node__): Object {
    "instance": null,
    "key": undefined,
    "nodeType": "host",
    "props": Object {
      "children": Array [
        <h1
          className="f1"
>
          RoboFriends
</h1>,
        <SearchBox
          searchChange={undefined}
/>,
        <Scroll>
          <CardList
                    robots={Array []}
          />
</Scroll>,
      ],
      "className": "tc",
    },
    "ref": null,
    "rendered": Array [
      Object {
        "instance": null,
        "key": undefined,
        "nodeType": "host",
        "props": Object {
          "children": "RoboFriends",
          "className": "f1",
        },
        "ref": null,
        "rendered": "RoboFriends",
        "type": "h1",
      },
      Object {
        "instance": null,
        "key": undefined,
        "nodeType": "function",
        "props": Object {
          "searchChange": undefined,
        },
        "ref": null,
        "rendered": null,
        "type": [Function],
      },
      Object {
        "instance": null,
        "key": undefined,
        "nodeType": "function",
        "props": Object {
          "children": <CardList
            robots={Array []}
/>,
        },
        "ref": null,
        "rendered": Object {
          "instance": null,
          "key": undefined,
          "nodeType": "function",
          "props": Object {
            "robots": Array [],
          },
          "ref": null,
          "rendered": null,
          "type": [Function],
        },
        "type": [Function],
      },
    ],
    "type": "div",
  },
  Symbol(enzyme.__nodes__): Array [
    Object {
      "instance": null,
      "key": undefined,
      "nodeType": "host",
      "props": Object {
        "children": Array [
          <h1
            className="f1"
>
            RoboFriends
</h1>,
          <SearchBox
            searchChange={undefined}
/>,
          <Scroll>
            <CardList
                        robots={Array []}
            />
</Scroll>,
        ],
        "className": "tc",
      },
      "ref": null,
      "rendered": Array [
        Object {
          "instance": null,
          "key": undefined,
          "nodeType": "host",
          "props": Object {
            "children": "RoboFriends",
            "className": "f1",
          },
          "ref": null,
          "rendered": "RoboFriends",
          "type": "h1",
        },
        Object {
          "instance": null,
          "key": undefined,
          "nodeType": "function",
          "props": Object {
            "searchChange": undefined,
          },
          "ref": null,
          "rendered": null,
          "type": [Function],
        },
        Object {
          "instance": null,
          "key": undefined,
          "nodeType": "function",
          "props": Object {
            "children": <CardList
              robots={Array []}
/>,
          },
          "ref": null,
          "rendered": Object {
            "instance": null,
            "key": undefined,
            "nodeType": "function",
            "props": Object {
              "robots": Array [],
            },
            "ref": null,
            "rendered": null,
            "type": [Function],
          },
          "type": [Function],
        },
      ],
      "type": "div",
    },
  ],
  Symbol(enzyme.__options__): Object {
    "adapter": ReactSixteenAdapter {
      "options": Object {
        "enableComponentDidUpdateOnSetState": true,
      },
    },
  },
}
`;

exports[`filters robots correctly 1`] = `
MainPage {
  "context": Object {},
  "filterRobots": [Function],
  "props": Object {
    "isPending": true,
    "onRequestRobots": [Function],
    "robots": Array [
      Object {
        "email": "test@test.com",
        "id": 3,
        "name": "test",
      },
    ],
    "searchField": "i",
  },
  "refs": Object {},
  "state": null,
  "updater": Updater {
    "_callbacks": Array [],
    "_renderer": ReactShallowRenderer {
      "_context": Object {},
      "_element": <MainPage
        isPending={true}
        onRequestRobots={[Function]}
        robots={
                Array [
                        Object {
                          "email": "test@test.com",
                          "id": 3,
                          "name": "test",
                        },
                      ]
        }
        searchField="i"
/>,
      "_forcedUpdate": false,
      "_instance": [Circular],
      "_newState": null,
      "_rendered": <h1>
        Loading
</h1>,
      "_rendering": false,
      "_updater": [Circular],
    },
  },
}
`;
